// Jest Snapshot v1, https://goo.gl/fbAQLP

exports[`Testing MenuItemComponent renders correctly 1`] = `
<img
  alt=""
  src="//via.placeholder.com/300x200"
/>
`;
